// Jest Snapshot v1, https://goo.gl/fbAQLP

exports[`should render component 1`] = `
<div
  className="sc-bdVaJa jZnjlv"
  style={
    Object {
      "WebkitTapHighlightColor": "rgba(0,0,0,0)",
      "backgroundColor": "#ffffff",
      "borderRadius": 2,
      "boxShadow": "0 1px 6px rgba(0, 0, 0, 0.12),
         0 1px 4px rgba(0, 0, 0, 0.12)",
      "boxSizing": "border-box",
      "color": "rgba(0, 0, 0, 0.87)",
      "fontFamily": "Roboto, sans-serif",
      "muiPrepared": true,
      "transition": "all 450ms cubic-bezier(0.23, 1, 0.32, 1) 0ms",
    }
  }
>
  <span
    style={
      Object {
        "display": "inline-block",
        "width": "250px",
      }
    }
  >
    <strong>
      Name:
    </strong>
     
    <span
      className="stock-name"
    >
      test
    </span>
  </span>
  <span
    style={
      Object {
        "display": "inline-block",
        "width": "250px",
      }
    }
  >
    <strong>
      Price:
    </strong>
     
    <span
      className="stock-price"
    >
      111
    </span>
  </span>
  <a
    onClick={[Function]}
    style={
      Object {
        "float": "right",
      }
    }
  >
    Edit
  </a>
</div>
`;
